Microsoft (R) Macro Assembler Version 14.29.30137.0	    12/07/21 18:43:00
itoa.asm						     Page 1 - 1


				.386P

				.model flat

 00000000			.data

 00000000 0000000A		ten		dword		10

 00000000			.code

 00000000			itoa PROC near
 00000000			_itoa:

 00000000  55				push ebp
 00000001  8B EC			mov ebp, esp
 00000003  8B 75 08			mov esi, [ebp+8]	; buffer
 00000006  8B 45 0C			mov eax, [ebp + 12]	; number to convert
 00000009  33 DB			xor ebx, ebx		; zeroing ebx to be used as digit counter

 0000000B				division:
 0000000B  33 D2				xor edx, edx
 0000000D  F7 35 00000000 R			div ten
 00000013  83 C2 30				add edx, 30h	;converting decimal to ascii
 00000016  52					push edx		;pushing converted digit onto stack
 00000017  66| 43				inc bx
 00000019  83 F8 00				cmp eax, 0
 0000001C  75 ED				jne division

 0000001E  66| 8B CB			mov cx, bx		;moving digit count into cx for loop

					;loop used to pop digits off of stack in correct order
 00000021				digit:
 00000021  58					pop eax
 00000022  89 06				mov dword ptr [esi], eax
 00000024  46					inc esi
 00000025  E2 FA				loop digit

 00000027  5D				pop ebp

 00000028  C3				ret 
 00000029			itoa ENDP
				END
Microsoft (R) Macro Assembler Version 14.29.30137.0	    12/07/21 18:43:00
itoa.asm						     Symbols 2 - 1




Segments and Groups:

                N a m e                 Size     Length   Align   Combine Class

FLAT . . . . . . . . . . . . . .	GROUP
_DATA  . . . . . . . . . . . . .	32 Bit	 00000004 Para	  Public  'DATA'	
_TEXT  . . . . . . . . . . . . .	32 Bit	 00000029 Para	  Public  'CODE'	


Procedures, parameters, and locals:

                N a m e                 Type     Value    Attr

itoa . . . . . . . . . . . . . .	P Near	 00000000 _TEXT	Length= 00000029 Public
  _itoa  . . . . . . . . . . . .	L Near	 00000000 _TEXT	
  division . . . . . . . . . . .	L Near	 0000000B _TEXT	
  digit  . . . . . . . . . . . .	L Near	 00000021 _TEXT	


Symbols:

                N a m e                 Type     Value    Attr

@CodeSize  . . . . . . . . . . .	Number	 00000000h   
@DataSize  . . . . . . . . . . .	Number	 00000000h   
@Interface . . . . . . . . . . .	Number	 00000000h   
@Model . . . . . . . . . . . . .	Number	 00000007h   
@code  . . . . . . . . . . . . .	Text   	 _TEXT
@data  . . . . . . . . . . . . .	Text   	 FLAT
@fardata?  . . . . . . . . . . .	Text   	 FLAT
@fardata . . . . . . . . . . . .	Text   	 FLAT
@stack . . . . . . . . . . . . .	Text   	 FLAT
ten  . . . . . . . . . . . . . .	DWord	 00000000 _DATA	

	   0 Warnings
	   0 Errors
